#-----------------------------------------------------------
# Vivado v2021.2 (64-bit)
# SW Build 3367213 on Tue Oct 19 02:47:39 MDT 2021
# IP Build 3369179 on Thu Oct 21 08:25:16 MDT 2021
# Start of session at: Wed Dec  7 18:10:04 2022
# Process ID: 488010
# Current directory: /media/SSD2TB/wd/my_repos/DL_Benchmarking/tflite_scripts_imgnt_accuracy_and_weight_extraction
# Command line: vivado
# Log file: /media/SSD2TB/wd/my_repos/DL_Benchmarking/tflite_scripts_imgnt_accuracy_and_weight_extraction/vivado.log
# Journal file: /media/SSD2TB/wd/my_repos/DL_Benchmarking/tflite_scripts_imgnt_accuracy_and_weight_extraction/vivado.jou
# Running On: fareed-OptiPlex-7090, OS: Linux, CPU Frequency: 2274.384 MHz, CPU Physical cores: 8, Host memory: 33395 MB
#-----------------------------------------------------------
start_gui
open_project /media/SSD2TB/wd/vitis_ide_projects/fibha_v1_system_hw_link/Hardware/binary_container_1.build/link/vivado/vpl/prj/prj.xpr
update_compile_order -fileset sources_1
open_run impl_1
report_power -name {power_1}
